To https://github.com/smkrrry-blip/ai-seller-tools.git
   7797e63..5049eb4  main -> main
Everything up-to-date
To https://github.com/smkrrry-blip/ai-seller-tools.git
   5049eb4..4c3e6ff  main -> main
Everything up-to-date
To https://github.com/smkrrry-blip/ai-seller-tools.git
   4c3e6ff..a0ec2d5  main -> main
Everything up-to-date
To https://github.com/smkrrry-blip/ai-seller-tools.git
   a0ec2d5..99b30ad  main -> main
Everything up-to-date
To https://github.com/smkrrry-blip/ai-seller-tools.git
   99b30ad..744107f  main -> main
To https://github.com/smkrrry-blip/ai-seller-jp.git
   9e3f922..77cca74  main -> main
To https://github.com/smkrrry-blip/ai-seller-tools.git
   744107f..41b0806  main -> main
Everything up-to-date
To https://github.com/smkrrry-blip/ai-seller-tools.git
   41b0806..86a867e  main -> main
Everything up-to-date
To https://github.com/smkrrry-blip/ai-seller-tools.git
   86a867e..8b2e917  main -> main
Everything up-to-date
To https://github.com/smkrrry-blip/ai-seller-tools.git
   8b2e917..a392584  main -> main
Everything up-to-date
To https://github.com/smkrrry-blip/ai-seller-tools.git
   a392584..37b5692  main -> main
Everything up-to-date
fatal: unable to access 'https://github.com/smkrrry-blip/ai-seller-tools.git/': Could not resolve host: github.com
To https://github.com/smkrrry-blip/ai-seller-tools.git
   37b5692..dcdb10c  main -> main
Everything up-to-date
To https://github.com/smkrrry-blip/ai-seller-tools.git
   dcdb10c..0f76814  main -> main
Everything up-to-date
fatal: unable to access 'https://github.com/smkrrry-blip/ai-seller-tools.git/': Could not resolve host: github.com
fatal: unable to access 'https://github.com/smkrrry-blip/ai-seller-tools.git/': Could not resolve host: github.com
fatal: unable to access 'https://github.com/smkrrry-blip/ai-seller-tools.git/': Could not resolve host: github.com
To https://github.com/smkrrry-blip/ai-seller-tools.git
   0f76814..8f1e753  main -> main
Everything up-to-date
To https://github.com/smkrrry-blip/ai-seller-tools.git
   8f1e753..a28f2c4  main -> main
Everything up-to-date
To https://github.com/smkrrry-blip/ai-seller-tools.git
   a28f2c4..0a1f9e2  main -> main
Everything up-to-date
To https://github.com/smkrrry-blip/ai-seller-tools.git
   0a1f9e2..2f2c27e  main -> main
Everything up-to-date
To https://github.com/smkrrry-blip/ai-seller-tools.git
   2f2c27e..af2938a  main -> main
Everything up-to-date
To https://github.com/smkrrry-blip/ai-seller-tools.git
   af2938a..4559e59  main -> main
Everything up-to-date
To https://github.com/smkrrry-blip/ai-seller-tools.git
   4559e59..3d47f8c  main -> main
Everything up-to-date
fatal: unable to access 'https://github.com/smkrrry-blip/ai-seller-tools.git/': Could not resolve host: github.com
fatal: unable to access 'https://github.com/smkrrry-blip/ai-seller-tools.git/': Could not resolve host: github.com
To https://github.com/smkrrry-blip/ai-seller-tools.git
   3d47f8c..e9ede9d  main -> main
Everything up-to-date
To https://github.com/smkrrry-blip/ai-seller-tools.git
   e9ede9d..9b7b09f  main -> main
Everything up-to-date
To https://github.com/smkrrry-blip/ai-seller-tools.git
   9b7b09f..dd9a63c  main -> main
Everything up-to-date
To https://github.com/smkrrry-blip/ai-seller-tools.git
   dd9a63c..6edb1f5  main -> main
Everything up-to-date
To https://github.com/smkrrry-blip/ai-seller-tools.git
   6edb1f5..ff1c4ff  main -> main
Everything up-to-date
To https://github.com/smkrrry-blip/ai-seller-tools.git
   ff1c4ff..0b8e642  main -> main
Everything up-to-date
To https://github.com/smkrrry-blip/ai-seller-tools.git
   0b8e642..83dd020  main -> main
Everything up-to-date
fatal: unable to access 'https://github.com/smkrrry-blip/ai-seller-tools.git/': Could not resolve host: github.com
To https://github.com/smkrrry-blip/ai-seller-tools.git
   83dd020..e6008c8  main -> main
Everything up-to-date
To https://github.com/smkrrry-blip/ai-seller-tools.git
   e6008c8..b12b622  main -> main
Everything up-to-date
